Archive member included because of file (symbol)

/usr/local/CrossPack-AVR-20131216/lib/gcc/avr/4.8.1/avr4/libgcc.a(_exit.o)
                              /usr/local/CrossPack-AVR-20131216/lib/gcc/avr/4.8.1/../../../../avr/lib/avr4/crtm88p.o (exit)
/usr/local/CrossPack-AVR-20131216/lib/gcc/avr/4.8.1/avr4/libgcc.a(_copy_data.o)
                              lostmodel.o (__do_copy_data)
/usr/local/CrossPack-AVR-20131216/lib/gcc/avr/4.8.1/avr4/libgcc.a(_clear_bss.o)
                              lostmodel.o (__do_clear_bss)
/usr/local/CrossPack-AVR-20131216/lib/gcc/avr/4.8.1/../../../../avr/lib/avr4/libm.a(cmpsf2.o)
                              lostmodel.o (__ltsf2)
/usr/local/CrossPack-AVR-20131216/lib/gcc/avr/4.8.1/../../../../avr/lib/avr4/libm.a(floatsisf.o)
                              lostmodel.o (__floatsisf)
/usr/local/CrossPack-AVR-20131216/lib/gcc/avr/4.8.1/../../../../avr/lib/avr4/libm.a(fp_cmp.o)
                              /usr/local/CrossPack-AVR-20131216/lib/gcc/avr/4.8.1/../../../../avr/lib/avr4/libm.a(cmpsf2.o) (__fp_cmp)
/usr/local/CrossPack-AVR-20131216/lib/gcc/avr/4.8.1/../../../../avr/lib/avr4/libc.a(eerd_byte_atmega88p.o)
                              lostmodel.o (__eerd_byte_m88p)
/usr/local/CrossPack-AVR-20131216/lib/gcc/avr/4.8.1/../../../../avr/lib/avr4/libc.a(eewr_byte_atmega88p.o)
                              lostmodel.o (__eewr_byte_m88p)

Memory Configuration

Name             Origin             Length             Attributes
text             0x00000000         0x00002000         xr
data             0x00800060         0x0000ffa0         rw !x
eeprom           0x00810000         0x00010000         rw !x
fuse             0x00820000         0x00000400         rw !x
lock             0x00830000         0x00000400         rw !x
signature        0x00840000         0x00000400         rw !x
user_signatures  0x00850000         0x00000400         rw !x
*default*        0x00000000         0xffffffff

Linker script and memory map

Address of section .data set to 0x800100
LOAD /usr/local/CrossPack-AVR-20131216/lib/gcc/avr/4.8.1/../../../../avr/lib/avr4/crtm88p.o
LOAD lostmodel.o
LOAD /usr/local/CrossPack-AVR-20131216/lib/gcc/avr/4.8.1/avr4/libgcc.a
LOAD /usr/local/CrossPack-AVR-20131216/lib/gcc/avr/4.8.1/../../../../avr/lib/avr4/libm.a
START GROUP
LOAD /usr/local/CrossPack-AVR-20131216/lib/gcc/avr/4.8.1/avr4/libgcc.a
LOAD /usr/local/CrossPack-AVR-20131216/lib/gcc/avr/4.8.1/../../../../avr/lib/avr4/libm.a
LOAD /usr/local/CrossPack-AVR-20131216/lib/gcc/avr/4.8.1/../../../../avr/lib/avr4/libc.a
END GROUP

.hash
 *(.hash)

.dynsym
 *(.dynsym)

.dynstr
 *(.dynstr)

.gnu.version
 *(.gnu.version)

.gnu.version_d
 *(.gnu.version_d)

.gnu.version_r
 *(.gnu.version_r)

.rel.init
 *(.rel.init)

.rela.init
 *(.rela.init)

.rel.text
 *(.rel.text)
 *(.rel.text.*)
 *(.rel.gnu.linkonce.t*)

.rela.text
 *(.rela.text)
 *(.rela.text.*)
 *(.rela.gnu.linkonce.t*)

.rel.fini
 *(.rel.fini)

.rela.fini
 *(.rela.fini)

.rel.rodata
 *(.rel.rodata)
 *(.rel.rodata.*)
 *(.rel.gnu.linkonce.r*)

.rela.rodata
 *(.rela.rodata)
 *(.rela.rodata.*)
 *(.rela.gnu.linkonce.r*)

.rel.data
 *(.rel.data)
 *(.rel.data.*)
 *(.rel.gnu.linkonce.d*)

.rela.data
 *(.rela.data)
 *(.rela.data.*)
 *(.rela.gnu.linkonce.d*)

.rel.ctors
 *(.rel.ctors)

.rela.ctors
 *(.rela.ctors)

.rel.dtors
 *(.rel.dtors)

.rela.dtors
 *(.rela.dtors)

.rel.got
 *(.rel.got)

.rela.got
 *(.rela.got)

.rel.bss
 *(.rel.bss)

.rela.bss
 *(.rela.bss)

.rel.plt
 *(.rel.plt)

.rela.plt
 *(.rela.plt)

.text           0x00000000      0xa18
 *(.vectors)
 .vectors       0x00000000       0x34 /usr/local/CrossPack-AVR-20131216/lib/gcc/avr/4.8.1/../../../../avr/lib/avr4/crtm88p.o
                0x00000000                __vectors
                0x00000000                __vector_default
 *(.vectors)
 *(.progmem.gcc*)
 .progmem.gcc_sw_table
                0x00000034       0x22 lostmodel.o
                0x00000056                . = ALIGN (0x2)
                0x00000056                __trampolines_start = .
 *(.trampolines)
 .trampolines   0x00000056        0x0 linker stubs
 *(.trampolines*)
                0x00000056                __trampolines_end = .
 *(.progmem*)
 .progmem.data  0x00000056       0x5e lostmodel.o
                0x000000b4                . = ALIGN (0x2)
 *(.jumptables)
 *(.jumptables*)
 *(.lowtext)
 *(.lowtext*)
                0x000000b4                __ctors_start = .
 *(.ctors)
                0x000000b4                __ctors_end = .
                0x000000b4                __dtors_start = .
 *(.dtors)
                0x000000b4                __dtors_end = .
 SORT(*)(.ctors)
 SORT(*)(.dtors)
 *(.init0)
 .init0         0x000000b4        0x0 /usr/local/CrossPack-AVR-20131216/lib/gcc/avr/4.8.1/../../../../avr/lib/avr4/crtm88p.o
                0x000000b4                __init
 *(.init0)
 *(.init1)
 *(.init1)
 *(.init2)
 .init2         0x000000b4        0xc /usr/local/CrossPack-AVR-20131216/lib/gcc/avr/4.8.1/../../../../avr/lib/avr4/crtm88p.o
 *(.init2)
 *(.init3)
 *(.init3)
 *(.init4)
 .init4         0x000000c0       0x16 /usr/local/CrossPack-AVR-20131216/lib/gcc/avr/4.8.1/avr4/libgcc.a(_copy_data.o)
                0x000000c0                __do_copy_data
 .init4         0x000000d6       0x10 /usr/local/CrossPack-AVR-20131216/lib/gcc/avr/4.8.1/avr4/libgcc.a(_clear_bss.o)
                0x000000d6                __do_clear_bss
 *(.init4)
 *(.init5)
 *(.init5)
 *(.init6)
 *(.init6)
 *(.init7)
 *(.init7)
 *(.init8)
 *(.init8)
 *(.init9)
 .init9         0x000000e6        0x4 /usr/local/CrossPack-AVR-20131216/lib/gcc/avr/4.8.1/../../../../avr/lib/avr4/crtm88p.o
 *(.init9)
 *(.text)
 .text          0x000000ea        0x2 /usr/local/CrossPack-AVR-20131216/lib/gcc/avr/4.8.1/../../../../avr/lib/avr4/crtm88p.o
                0x000000ea                __vector_20
                0x000000ea                __vector_1
                0x000000ea                __vector_24
                0x000000ea                __vector_12
                0x000000ea                __bad_interrupt
                0x000000ea                __vector_6
                0x000000ea                __vector_3
                0x000000ea                __vector_23
                0x000000ea                __vector_25
                0x000000ea                __vector_11
                0x000000ea                __vector_13
                0x000000ea                __vector_17
                0x000000ea                __vector_19
                0x000000ea                __vector_5
                0x000000ea                __vector_4
                0x000000ea                __vector_9
                0x000000ea                __vector_2
                0x000000ea                __vector_21
                0x000000ea                __vector_15
                0x000000ea                __vector_8
                0x000000ea                __vector_14
                0x000000ea                __vector_16
                0x000000ea                __vector_18
                0x000000ea                __vector_22
 .text          0x000000ec      0x336 lostmodel.o
                0x000000ec                _Z8beeperOnv
                0x000000f6                _Z9beeperOffv
                0x00000100                __vector_7
                0x0000037e                __vector_10
                0x000003f2                _Z10morseStartv
                0x0000040c                _Z9morseStopv
                0x0000041a                _Z12storeRunModeh
 .text          0x00000422        0x0 /usr/local/CrossPack-AVR-20131216/lib/gcc/avr/4.8.1/avr4/libgcc.a(_exit.o)
 .text          0x00000422        0x0 /usr/local/CrossPack-AVR-20131216/lib/gcc/avr/4.8.1/avr4/libgcc.a(_copy_data.o)
 .text          0x00000422        0x0 /usr/local/CrossPack-AVR-20131216/lib/gcc/avr/4.8.1/avr4/libgcc.a(_clear_bss.o)
 .text          0x00000422        0x0 /usr/local/CrossPack-AVR-20131216/lib/gcc/avr/4.8.1/../../../../avr/lib/avr4/libm.a(cmpsf2.o)
 .text          0x00000422        0x0 /usr/local/CrossPack-AVR-20131216/lib/gcc/avr/4.8.1/../../../../avr/lib/avr4/libm.a(floatsisf.o)
 .text          0x00000422        0x0 /usr/local/CrossPack-AVR-20131216/lib/gcc/avr/4.8.1/../../../../avr/lib/avr4/libm.a(fp_cmp.o)
 .text          0x00000422        0x0 /usr/local/CrossPack-AVR-20131216/lib/gcc/avr/4.8.1/../../../../avr/lib/avr4/libc.a(eerd_byte_atmega88p.o)
 .text          0x00000422        0x0 /usr/local/CrossPack-AVR-20131216/lib/gcc/avr/4.8.1/../../../../avr/lib/avr4/libc.a(eewr_byte_atmega88p.o)
                0x00000422                . = ALIGN (0x2)
 *(.text.*)
 .text.startup  0x00000422      0x4fc lostmodel.o
                0x00000422                main
 .text.libgcc.mul
                0x0000091e        0x0 /usr/local/CrossPack-AVR-20131216/lib/gcc/avr/4.8.1/avr4/libgcc.a(_exit.o)
 .text.libgcc.div
                0x0000091e        0x0 /usr/local/CrossPack-AVR-20131216/lib/gcc/avr/4.8.1/avr4/libgcc.a(_exit.o)
 .text.libgcc   0x0000091e        0x0 /usr/local/CrossPack-AVR-20131216/lib/gcc/avr/4.8.1/avr4/libgcc.a(_exit.o)
 .text.libgcc.prologue
                0x0000091e        0x0 /usr/local/CrossPack-AVR-20131216/lib/gcc/avr/4.8.1/avr4/libgcc.a(_exit.o)
 .text.libgcc.builtins
                0x0000091e        0x0 /usr/local/CrossPack-AVR-20131216/lib/gcc/avr/4.8.1/avr4/libgcc.a(_exit.o)
 .text.libgcc.fmul
                0x0000091e        0x0 /usr/local/CrossPack-AVR-20131216/lib/gcc/avr/4.8.1/avr4/libgcc.a(_exit.o)
 .text.libgcc.fixed
                0x0000091e        0x0 /usr/local/CrossPack-AVR-20131216/lib/gcc/avr/4.8.1/avr4/libgcc.a(_exit.o)
 .text.libgcc.mul
                0x0000091e        0x0 /usr/local/CrossPack-AVR-20131216/lib/gcc/avr/4.8.1/avr4/libgcc.a(_copy_data.o)
 .text.libgcc.div
                0x0000091e        0x0 /usr/local/CrossPack-AVR-20131216/lib/gcc/avr/4.8.1/avr4/libgcc.a(_copy_data.o)
 .text.libgcc   0x0000091e        0x0 /usr/local/CrossPack-AVR-20131216/lib/gcc/avr/4.8.1/avr4/libgcc.a(_copy_data.o)
 .text.libgcc.prologue
                0x0000091e        0x0 /usr/local/CrossPack-AVR-20131216/lib/gcc/avr/4.8.1/avr4/libgcc.a(_copy_data.o)
 .text.libgcc.builtins
                0x0000091e        0x0 /usr/local/CrossPack-AVR-20131216/lib/gcc/avr/4.8.1/avr4/libgcc.a(_copy_data.o)
 .text.libgcc.fmul
                0x0000091e        0x0 /usr/local/CrossPack-AVR-20131216/lib/gcc/avr/4.8.1/avr4/libgcc.a(_copy_data.o)
 .text.libgcc.fixed
                0x0000091e        0x0 /usr/local/CrossPack-AVR-20131216/lib/gcc/avr/4.8.1/avr4/libgcc.a(_copy_data.o)
 .text.libgcc.mul
                0x0000091e        0x0 /usr/local/CrossPack-AVR-20131216/lib/gcc/avr/4.8.1/avr4/libgcc.a(_clear_bss.o)
 .text.libgcc.div
                0x0000091e        0x0 /usr/local/CrossPack-AVR-20131216/lib/gcc/avr/4.8.1/avr4/libgcc.a(_clear_bss.o)
 .text.libgcc   0x0000091e        0x0 /usr/local/CrossPack-AVR-20131216/lib/gcc/avr/4.8.1/avr4/libgcc.a(_clear_bss.o)
 .text.libgcc.prologue
                0x0000091e        0x0 /usr/local/CrossPack-AVR-20131216/lib/gcc/avr/4.8.1/avr4/libgcc.a(_clear_bss.o)
 .text.libgcc.builtins
                0x0000091e        0x0 /usr/local/CrossPack-AVR-20131216/lib/gcc/avr/4.8.1/avr4/libgcc.a(_clear_bss.o)
 .text.libgcc.fmul
                0x0000091e        0x0 /usr/local/CrossPack-AVR-20131216/lib/gcc/avr/4.8.1/avr4/libgcc.a(_clear_bss.o)
 .text.libgcc.fixed
                0x0000091e        0x0 /usr/local/CrossPack-AVR-20131216/lib/gcc/avr/4.8.1/avr4/libgcc.a(_clear_bss.o)
 .text.avr-libc.fplib
                0x0000091e        0x8 /usr/local/CrossPack-AVR-20131216/lib/gcc/avr/4.8.1/../../../../avr/lib/avr4/libm.a(cmpsf2.o)
                0x0000091e                __lesf2
                0x0000091e                __nesf2
                0x0000091e                __eqsf2
                0x0000091e                __cmpsf2
                0x0000091e                __ltsf2
 .text.avr-libc.fplib
                0x00000926       0x7a /usr/local/CrossPack-AVR-20131216/lib/gcc/avr/4.8.1/../../../../avr/lib/avr4/libm.a(floatsisf.o)
                0x00000926                __floatunsisf
                0x0000092a                __floatsisf
 .text.avr-libc.fplib
                0x000009a0       0x48 /usr/local/CrossPack-AVR-20131216/lib/gcc/avr/4.8.1/../../../../avr/lib/avr4/libm.a(fp_cmp.o)
                0x000009a0                __fp_cmp
 .text.avr-libc
                0x000009e8       0x10 /usr/local/CrossPack-AVR-20131216/lib/gcc/avr/4.8.1/../../../../avr/lib/avr4/libc.a(eerd_byte_atmega88p.o)
                0x000009e8                __eerd_byte_m88p
 .text.avr-libc
                0x000009f8       0x1c /usr/local/CrossPack-AVR-20131216/lib/gcc/avr/4.8.1/../../../../avr/lib/avr4/libc.a(eewr_byte_atmega88p.o)
                0x000009f8                __eewr_byte_m88p
                0x000009fa                __eewr_r18_m88p
                0x00000a14                . = ALIGN (0x2)
 *(.fini9)
 .fini9         0x00000a14        0x0 /usr/local/CrossPack-AVR-20131216/lib/gcc/avr/4.8.1/avr4/libgcc.a(_exit.o)
                0x00000a14                exit
                0x00000a14                _exit
 *(.fini9)
 *(.fini8)
 *(.fini8)
 *(.fini7)
 *(.fini7)
 *(.fini6)
 *(.fini6)
 *(.fini5)
 *(.fini5)
 *(.fini4)
 *(.fini4)
 *(.fini3)
 *(.fini3)
 *(.fini2)
 *(.fini2)
 *(.fini1)
 *(.fini1)
 *(.fini0)
 .fini0         0x00000a14        0x4 /usr/local/CrossPack-AVR-20131216/lib/gcc/avr/4.8.1/avr4/libgcc.a(_exit.o)
 *(.fini0)
                0x00000a18                _etext = .

.data           0x00800100        0x2 load address 0x00000a18
                0x00800100                PROVIDE (__data_start, .)
 *(.data)
 .data          0x00800100        0x0 /usr/local/CrossPack-AVR-20131216/lib/gcc/avr/4.8.1/../../../../avr/lib/avr4/crtm88p.o
 .data          0x00800100        0x2 lostmodel.o
                0x00800100                morseState
 .data          0x00800102        0x0 /usr/local/CrossPack-AVR-20131216/lib/gcc/avr/4.8.1/avr4/libgcc.a(_exit.o)
 .data          0x00800102        0x0 /usr/local/CrossPack-AVR-20131216/lib/gcc/avr/4.8.1/avr4/libgcc.a(_copy_data.o)
 .data          0x00800102        0x0 /usr/local/CrossPack-AVR-20131216/lib/gcc/avr/4.8.1/avr4/libgcc.a(_clear_bss.o)
 .data          0x00800102        0x0 /usr/local/CrossPack-AVR-20131216/lib/gcc/avr/4.8.1/../../../../avr/lib/avr4/libm.a(cmpsf2.o)
 .data          0x00800102        0x0 /usr/local/CrossPack-AVR-20131216/lib/gcc/avr/4.8.1/../../../../avr/lib/avr4/libm.a(floatsisf.o)
 .data          0x00800102        0x0 /usr/local/CrossPack-AVR-20131216/lib/gcc/avr/4.8.1/../../../../avr/lib/avr4/libm.a(fp_cmp.o)
 .data          0x00800102        0x0 /usr/local/CrossPack-AVR-20131216/lib/gcc/avr/4.8.1/../../../../avr/lib/avr4/libc.a(eerd_byte_atmega88p.o)
 .data          0x00800102        0x0 /usr/local/CrossPack-AVR-20131216/lib/gcc/avr/4.8.1/../../../../avr/lib/avr4/libc.a(eewr_byte_atmega88p.o)
 *(.data*)
 *(.rodata)
 *(.rodata*)
 *(.gnu.linkonce.d*)
                0x00800102                . = ALIGN (0x2)
                0x00800102                _edata = .
                0x00800102                PROVIDE (__data_end, .)

.bss            0x00800102       0x1c
                0x00800102                PROVIDE (__bss_start, .)
 *(.bss)
 .bss           0x00800102        0x0 /usr/local/CrossPack-AVR-20131216/lib/gcc/avr/4.8.1/../../../../avr/lib/avr4/crtm88p.o
 .bss           0x00800102       0x1c lostmodel.o
                0x00800102                runningIndicatorEnabled
                0x00800103                pulseTimeoutCounter
                0x00800105                sigPulseWidth
                0x00800107                morseString
 .bss           0x0080011e        0x0 /usr/local/CrossPack-AVR-20131216/lib/gcc/avr/4.8.1/avr4/libgcc.a(_exit.o)
 .bss           0x0080011e        0x0 /usr/local/CrossPack-AVR-20131216/lib/gcc/avr/4.8.1/avr4/libgcc.a(_copy_data.o)
 .bss           0x0080011e        0x0 /usr/local/CrossPack-AVR-20131216/lib/gcc/avr/4.8.1/avr4/libgcc.a(_clear_bss.o)
 .bss           0x0080011e        0x0 /usr/local/CrossPack-AVR-20131216/lib/gcc/avr/4.8.1/../../../../avr/lib/avr4/libm.a(cmpsf2.o)
 .bss           0x0080011e        0x0 /usr/local/CrossPack-AVR-20131216/lib/gcc/avr/4.8.1/../../../../avr/lib/avr4/libm.a(floatsisf.o)
 .bss           0x0080011e        0x0 /usr/local/CrossPack-AVR-20131216/lib/gcc/avr/4.8.1/../../../../avr/lib/avr4/libm.a(fp_cmp.o)
 .bss           0x0080011e        0x0 /usr/local/CrossPack-AVR-20131216/lib/gcc/avr/4.8.1/../../../../avr/lib/avr4/libc.a(eerd_byte_atmega88p.o)
 .bss           0x0080011e        0x0 /usr/local/CrossPack-AVR-20131216/lib/gcc/avr/4.8.1/../../../../avr/lib/avr4/libc.a(eewr_byte_atmega88p.o)
 *(.bss*)
 *(COMMON)
                0x0080011e                PROVIDE (__bss_end, .)
                0x00000a18                __data_load_start = LOADADDR (.data)
                0x00000a1a                __data_load_end = (__data_load_start + SIZEOF (.data))

.noinit         0x0080011e        0x0
                0x0080011e                PROVIDE (__noinit_start, .)
 *(.noinit*)
                0x0080011e                PROVIDE (__noinit_end, .)
                0x0080011e                _end = .
                0x0080011e                PROVIDE (__heap_start, .)

.eeprom         0x00810000        0x0
 *(.eeprom*)
                0x00810000                __eeprom_end = .

.fuse
 *(.fuse)
 *(.lfuse)
 *(.hfuse)
 *(.efuse)

.lock
 *(.lock*)

.signature
 *(.signature*)

.user_signatures
 *(.user_signatures*)

.stab
 *(.stab)

.stabstr
 *(.stabstr)

.stab.excl
 *(.stab.excl)

.stab.exclstr
 *(.stab.exclstr)

.stab.index
 *(.stab.index)

.stab.indexstr
 *(.stab.indexstr)

.comment        0x00000000       0x11
 *(.comment)
 .comment       0x00000000       0x11 lostmodel.o
                                 0x12 (size before relaxing)

.debug
 *(.debug)

.line
 *(.line)

.debug_srcinfo
 *(.debug_srcinfo)

.debug_sfnames
 *(.debug_sfnames)

.debug_aranges  0x00000000       0x88
 *(.debug_aranges)
 .debug_aranges
                0x00000000       0x28 lostmodel.o
 .debug_aranges
                0x00000028       0x20 /usr/local/CrossPack-AVR-20131216/lib/gcc/avr/4.8.1/avr4/libgcc.a(_exit.o)
 .debug_aranges
                0x00000048       0x20 /usr/local/CrossPack-AVR-20131216/lib/gcc/avr/4.8.1/avr4/libgcc.a(_copy_data.o)
 .debug_aranges
                0x00000068       0x20 /usr/local/CrossPack-AVR-20131216/lib/gcc/avr/4.8.1/avr4/libgcc.a(_clear_bss.o)

.debug_pubnames
 *(.debug_pubnames)

.debug_info     0x00000000      0xb92
 *(.debug_info)
 .debug_info    0x00000000      0x958 lostmodel.o
 .debug_info    0x00000958       0xbe /usr/local/CrossPack-AVR-20131216/lib/gcc/avr/4.8.1/avr4/libgcc.a(_exit.o)
 .debug_info    0x00000a16       0xbe /usr/local/CrossPack-AVR-20131216/lib/gcc/avr/4.8.1/avr4/libgcc.a(_copy_data.o)
 .debug_info    0x00000ad4       0xbe /usr/local/CrossPack-AVR-20131216/lib/gcc/avr/4.8.1/avr4/libgcc.a(_clear_bss.o)
 *(.gnu.linkonce.wi.*)

.debug_abbrev   0x00000000      0x314
 *(.debug_abbrev)
 .debug_abbrev  0x00000000      0x2d8 lostmodel.o
 .debug_abbrev  0x000002d8       0x14 /usr/local/CrossPack-AVR-20131216/lib/gcc/avr/4.8.1/avr4/libgcc.a(_exit.o)
 .debug_abbrev  0x000002ec       0x14 /usr/local/CrossPack-AVR-20131216/lib/gcc/avr/4.8.1/avr4/libgcc.a(_copy_data.o)
 .debug_abbrev  0x00000300       0x14 /usr/local/CrossPack-AVR-20131216/lib/gcc/avr/4.8.1/avr4/libgcc.a(_clear_bss.o)

.debug_line     0x00000000      0x367
 *(.debug_line)
 .debug_line    0x00000000      0x250 lostmodel.o
 .debug_line    0x00000250       0x58 /usr/local/CrossPack-AVR-20131216/lib/gcc/avr/4.8.1/avr4/libgcc.a(_exit.o)
 .debug_line    0x000002a8       0x61 /usr/local/CrossPack-AVR-20131216/lib/gcc/avr/4.8.1/avr4/libgcc.a(_copy_data.o)
 .debug_line    0x00000309       0x5e /usr/local/CrossPack-AVR-20131216/lib/gcc/avr/4.8.1/avr4/libgcc.a(_clear_bss.o)

.debug_frame    0x00000000      0x108
 *(.debug_frame)
 .debug_frame   0x00000000      0x108 lostmodel.o

.debug_str      0x00000000      0x3db
 *(.debug_str)
 .debug_str     0x00000000      0x3db lostmodel.o
                                0x444 (size before relaxing)

.debug_loc      0x00000000      0x578
 *(.debug_loc)
 .debug_loc     0x00000000      0x578 lostmodel.o

.debug_macinfo
 *(.debug_macinfo)

.debug_pubtypes
 *(.debug_pubtypes)

.debug_ranges   0x00000000       0xf0
 *(.debug_ranges)
 .debug_ranges  0x00000000       0xf0 lostmodel.o

.debug_macro
 *(.debug_macro)
OUTPUT(lostmodel.elf elf32-avr)
LOAD linker stubs
